../Core/Src/main.c:71:1:__io_putchar	16	static
../Core/Src/main.c:77:1:__io_getchar	16	static
../Core/Src/main.c:106:6:floatToUpperBytes	24	static
../Core/Src/main.c:115:6:floatToLowerBytes	24	static
../Core/Src/main.c:129:5:main	40	static
../Core/Src/main.c:195:6:SystemClock_Config	72	static
../Core/Src/main.c:235:13:MX_CAN_Init	8	static
../Core/Src/main.c:272:13:MX_USART2_UART_Init	8	static
../Core/Src/main.c:307:13:MX_GPIO_Init	48	static
../Core/Src/main.c:359:6:Error_Handler	4	static,ignoring_inline_asm
