../Core/Src/main.c:70:1:__io_putchar	16	static
../Core/Src/main.c:76:1:__io_getchar	16	static
../Core/Src/main.c:104:6:floatToUpperBytes	24	static
../Core/Src/main.c:113:6:floatToLowerBytes	24	static
../Core/Src/main.c:122:6:HAL_CAN_RxFifoMsgPendingCallback	16	static
../Core/Src/main.c:138:5:main	80	static
../Core/Src/main.c:239:6:SystemClock_Config	72	static
../Core/Src/main.c:279:13:MX_CAN_Init	8	static
../Core/Src/main.c:316:13:MX_USART2_UART_Init	8	static
../Core/Src/main.c:351:13:MX_GPIO_Init	48	static
../Core/Src/main.c:403:6:Error_Handler	4	static,ignoring_inline_asm
